// Jest Snapshot v1, https://goo.gl/fbAQLP

exports[`TextAreaComponent it generates the markup 1`] = `
< div data - server - rendered = "true"
class = "form-group" > < div class = "col-sm-4" > < label class = "control-label" > Name: <!----></label> <!----></div> <div class="control-container col-sm-8"><textarea name="name" id="name" rows="5" class="form-control"></textarea> <!----></div> <div class="clearfix"></div></div>
`;
