// Jest Snapshot v1, https://goo.gl/fbAQLP

exports[`TextAreaComponent it generates the markup 1`] = `
< div server - rendered = "true"
class = "form-group" > < label class = "control-label col-sm-2" > Name: <!----></label> <div class="col-sm-10"><textarea name="name" id="name" rows="5" class="form-control"></textarea> <!----></div> <div class="clearfix"></div></div>
`;
